e:\talvex\.venv\Scripts\python.exe : EEE
At line:1 char:1
+ e:\talvex\.venv\Scripts\python.exe 
test_app.py > test_log.txt 2>&1
+ ~~~~~~~~~~~~~~~~~~~~~~~~~~~~~~~~~~~~~~~~~~~~~~
~~~~~~~~~~~~~~~~~~~~
    + CategoryInfo          : NotSpecified: (EE 
   E:String) [], RemoteException
    + FullyQualifiedErrorId : NativeCommandErro 
   r
 
================================================
======================
ERROR: test_1_login_logout 
(__main__.TaivexTestCase.test_1_login_logout)
------------------------------------------------
----------------------
Traceback (most recent call last):
  File "E:\talvex\.venv\Lib\site-packages\sqlalc
hemy\engine\base.py", line 1967, in 
_exec_single_context
    self.dialect.do_execute(
    ~~~~~~~~~~~~~~~~~~~~~~~^
        cursor, str_statement, 
effective_parameters, context
        ^^^^^^^^^^^^^^^^^^^^^^^^^^^^^^^^^^^^^^^^
^^^^^^^^^^^^
    )
    ^
  File "E:\talvex\.venv\Lib\site-packages\sqlalc
hemy\engine\default.py", line 952, in do_execute
    cursor.execute(statement, parameters)
    ~~~~~~~~~~~~~~^^^^^^^^^^^^^^^^^^^^^^^
psycopg2.errors.StringDataRightTruncation: 
value too long for type character varying(128)


The above exception was the direct cause of the 
following exception:

Traceback (most recent call last):
  File "E:\talvex\test_app.py", line 13, in 
setUp
    self.app = create_app()
               ~~~~~~~~~~^^
  File "E:\talvex\app.py", line 50, in 
create_app
    db.session.commit()
    ~~~~~~~~~~~~~~~~~^^
  File "E:\talvex\.venv\Lib\site-packages\sqlalc
hemy\orm\scoping.py", line 597, in commit
    return self._proxied.commit()
           ~~~~~~~~~~~~~~~~~~~~^^
  File "E:\talvex\.venv\Lib\site-packages\sqlalc
hemy\orm\session.py", line 2030, in commit
    trans.commit(_to_root=True)
    ~~~~~~~~~~~~^^^^^^^^^^^^^^^
  File "<string>", line 2, in commit
  File "E:\talvex\.venv\Lib\site-packages\sqlalc
hemy\orm\state_changes.py", line 137, in _go
    ret_value = fn(self, *arg, **kw)
  File "E:\talvex\.venv\Lib\site-packages\sqlalc
hemy\orm\session.py", line 1311, in commit
    self._prepare_impl()
    ~~~~~~~~~~~~~~~~~~^^
  File "<string>", line 2, in _prepare_impl
  File "E:\talvex\.venv\Lib\site-packages\sqlalc
hemy\orm\state_changes.py", line 137, in _go
    ret_value = fn(self, *arg, **kw)
  File "E:\talvex\.venv\Lib\site-packages\sqlalc
hemy\orm\session.py", line 1286, in 
_prepare_impl
    self.session.flush()
    ~~~~~~~~~~~~~~~~~~^^
  File "E:\talvex\.venv\Lib\site-packages\sqlalc
hemy\orm\session.py", line 4331, in flush
    self._flush(objects)
    ~~~~~~~~~~~^^^^^^^^^
  File "E:\talvex\.venv\Lib\site-packages\sqlalc
hemy\orm\session.py", line 4466, in _flush
    with util.safe_reraise():
         ~~~~~~~~~~~~~~~~~^^
  File "E:\talvex\.venv\Lib\site-packages\sqlalc
hemy\util\langhelpers.py", line 224, in __exit__
    raise exc_value.with_traceback(exc_tb)
  File "E:\talvex\.venv\Lib\site-packages\sqlalc
hemy\orm\session.py", line 4427, in _flush
    flush_context.execute()
    ~~~~~~~~~~~~~~~~~~~~~^^
  File "E:\talvex\.venv\Lib\site-packages\sqlalc
hemy\orm\unitofwork.py", line 466, in execute
    rec.execute(self)
    ~~~~~~~~~~~^^^^^^
  File "E:\talvex\.venv\Lib\site-packages\sqlalc
hemy\orm\unitofwork.py", line 642, in execute
    util.preloaded.orm_persistence.save_obj(
    ~~~~~~~~~~~~~~~~~~~~~~~~~~~~~~~~~~~~~~~^
        self.mapper,
        ^^^^^^^^^^^^
        
uow.states_for_mapper_hierarchy(self.mapper, 
False, False),
        ^^^^^^^^^^^^^^^^^^^^^^^^^^^^^^^^^^^^^^^^
^^^^^^^^^^^^^^^^^^^
        uow,
        ^^^^
    )
    ^
  File "E:\talvex\.venv\Lib\site-packages\sqlalc
hemy\orm\persistence.py", line 93, in save_obj
    _emit_insert_statements(
    ~~~~~~~~~~~~~~~~~~~~~~~^
        base_mapper,
        ^^^^^^^^^^^^
    ...<3 lines>...
        insert,
        ^^^^^^^
    )
    ^
  File "E:\talvex\.venv\Lib\site-packages\sqlalc
hemy\orm\persistence.py", line 1233, in 
_emit_insert_statements
    result = connection.execute(
        statement,
        params,
        execution_options=execution_options,
    )
  File "E:\talvex\.venv\Lib\site-packages\sqlalc
hemy\engine\base.py", line 1419, in execute
    return meth(
        self,
        distilled_parameters,
        execution_options or NO_OPTIONS,
    )
  File "E:\talvex\.venv\Lib\site-packages\sqlalc
hemy\sql\elements.py", line 527, in 
_execute_on_connection
    return connection._execute_clauseelement(
           ~~~~~~~~~~~~~~~~~~~~~~~~~~~~~~~~~^
        self, distilled_params, 
execution_options
        
^^^^^^^^^^^^^^^^^^^^^^^^^^^^^^^^^^^^^^^^^
    )
    ^
  File "E:\talvex\.venv\Lib\site-packages\sqlalc
hemy\engine\base.py", line 1641, in 
_execute_clauseelement
    ret = self._execute_context(
        dialect,
    ...<8 lines>...
        cache_hit=cache_hit,
    )
  File "E:\talvex\.venv\Lib\site-packages\sqlalc
hemy\engine\base.py", line 1846, in 
_execute_context
    return self._exec_single_context(
           ~~~~~~~~~~~~~~~~~~~~~~~~~^
        dialect, context, statement, parameters
        ^^^^^^^^^^^^^^^^^^^^^^^^^^^^^^^^^^^^^^^
    )
    ^
  File "E:\talvex\.venv\Lib\site-packages\sqlalc
hemy\engine\base.py", line 1986, in 
_exec_single_context
    self._handle_dbapi_exception(
    ~~~~~~~~~~~~~~~~~~~~~~~~~~~~^
        e, str_statement, effective_parameters, 
cursor, context
        ^^^^^^^^^^^^^^^^^^^^^^^^^^^^^^^^^^^^^^^^
^^^^^^^^^^^^^^^
    )
    ^
  File "E:\talvex\.venv\Lib\site-packages\sqlalc
hemy\engine\base.py", line 2363, in 
_handle_dbapi_exception
    raise sqlalchemy_exception.with_traceback(ex
c_info[2]) from e
  File "E:\talvex\.venv\Lib\site-packages\sqlalc
hemy\engine\base.py", line 1967, in 
_exec_single_context
    self.dialect.do_execute(
    ~~~~~~~~~~~~~~~~~~~~~~~^
        cursor, str_statement, 
effective_parameters, context
        ^^^^^^^^^^^^^^^^^^^^^^^^^^^^^^^^^^^^^^^^
^^^^^^^^^^^^
    )
    ^
  File "E:\talvex\.venv\Lib\site-packages\sqlalc
hemy\engine\default.py", line 952, in do_execute
    cursor.execute(statement, parameters)
    ~~~~~~~~~~~~~~^^^^^^^^^^^^^^^^^^^^^^^
sqlalchemy.exc.DataError: 
(psycopg2.errors.StringDataRightTruncation) 
value too long for type character varying(128)

[SQL: INSERT INTO "user" (username, 
password_hash, role, permissions, created_by) 
VALUES (%(username)s, %(password_hash)s, 
%(role)s, %(permissions)s, %(created_by)s) 
RETURNING "user".id]
[parameters: {'username': 'admin', 
'password_hash': 'scrypt:32768:8:1$NFt7A7Hyv68jH
Svj$f16d36a8f7ac9d89a2d489148995f378fc2d0aaa6e88
b5a2d3a2085b057c67fdf35654dcb51fbfafe414240fe25f
99d2f6b4bb586cc45185b40f519d7ae1cb62', 'role': 
'master', 'permissions': '', 'created_by': 
None}]
(Background on this error at: 
https://sqlalche.me/e/20/9h9h)

================================================
======================
ERROR: test_2_dashboard_access_protected (__main
__.TaivexTestCase.test_2_dashboard_access_protec
ted)
------------------------------------------------
----------------------
Traceback (most recent call last):
  File "E:\talvex\.venv\Lib\site-packages\sqlalc
hemy\engine\base.py", line 1967, in 
_exec_single_context
    self.dialect.do_execute(
    ~~~~~~~~~~~~~~~~~~~~~~~^
        cursor, str_statement, 
effective_parameters, context
        ^^^^^^^^^^^^^^^^^^^^^^^^^^^^^^^^^^^^^^^^
^^^^^^^^^^^^
    )
    ^
  File "E:\talvex\.venv\Lib\site-packages\sqlalc
hemy\engine\default.py", line 952, in do_execute
    cursor.execute(statement, parameters)
    ~~~~~~~~~~~~~~^^^^^^^^^^^^^^^^^^^^^^^
psycopg2.errors.StringDataRightTruncation: 
value too long for type character varying(128)


The above exception was the direct cause of the 
following exception:

Traceback (most recent call last):
  File "E:\talvex\test_app.py", line 13, in 
setUp
    self.app = create_app()
               ~~~~~~~~~~^^
  File "E:\talvex\app.py", line 50, in 
create_app
    db.session.commit()
    ~~~~~~~~~~~~~~~~~^^
  File "E:\talvex\.venv\Lib\site-packages\sqlalc
hemy\orm\scoping.py", line 597, in commit
    return self._proxied.commit()
           ~~~~~~~~~~~~~~~~~~~~^^
  File "E:\talvex\.venv\Lib\site-packages\sqlalc
hemy\orm\session.py", line 2030, in commit
    trans.commit(_to_root=True)
    ~~~~~~~~~~~~^^^^^^^^^^^^^^^
  File "<string>", line 2, in commit
  File "E:\talvex\.venv\Lib\site-packages\sqlalc
hemy\orm\state_changes.py", line 137, in _go
    ret_value = fn(self, *arg, **kw)
  File "E:\talvex\.venv\Lib\site-packages\sqlalc
hemy\orm\session.py", line 1311, in commit
    self._prepare_impl()
    ~~~~~~~~~~~~~~~~~~^^
  File "<string>", line 2, in _prepare_impl
  File "E:\talvex\.venv\Lib\site-packages\sqlalc
hemy\orm\state_changes.py", line 137, in _go
    ret_value = fn(self, *arg, **kw)
  File "E:\talvex\.venv\Lib\site-packages\sqlalc
hemy\orm\session.py", line 1286, in 
_prepare_impl
    self.session.flush()
    ~~~~~~~~~~~~~~~~~~^^
  File "E:\talvex\.venv\Lib\site-packages\sqlalc
hemy\orm\session.py", line 4331, in flush
    self._flush(objects)
    ~~~~~~~~~~~^^^^^^^^^
  File "E:\talvex\.venv\Lib\site-packages\sqlalc
hemy\orm\session.py", line 4466, in _flush
    with util.safe_reraise():
         ~~~~~~~~~~~~~~~~~^^
  File "E:\talvex\.venv\Lib\site-packages\sqlalc
hemy\util\langhelpers.py", line 224, in __exit__
    raise exc_value.with_traceback(exc_tb)
  File "E:\talvex\.venv\Lib\site-packages\sqlalc
hemy\orm\session.py", line 4427, in _flush
    flush_context.execute()
    ~~~~~~~~~~~~~~~~~~~~~^^
  File "E:\talvex\.venv\Lib\site-packages\sqlalc
hemy\orm\unitofwork.py", line 466, in execute
    rec.execute(self)
    ~~~~~~~~~~~^^^^^^
  File "E:\talvex\.venv\Lib\site-packages\sqlalc
hemy\orm\unitofwork.py", line 642, in execute
    util.preloaded.orm_persistence.save_obj(
    ~~~~~~~~~~~~~~~~~~~~~~~~~~~~~~~~~~~~~~~^
        self.mapper,
        ^^^^^^^^^^^^
        
uow.states_for_mapper_hierarchy(self.mapper, 
False, False),
        ^^^^^^^^^^^^^^^^^^^^^^^^^^^^^^^^^^^^^^^^
^^^^^^^^^^^^^^^^^^^
        uow,
        ^^^^
    )
    ^
  File "E:\talvex\.venv\Lib\site-packages\sqlalc
hemy\orm\persistence.py", line 93, in save_obj
    _emit_insert_statements(
    ~~~~~~~~~~~~~~~~~~~~~~~^
        base_mapper,
        ^^^^^^^^^^^^
    ...<3 lines>...
        insert,
        ^^^^^^^
    )
    ^
  File "E:\talvex\.venv\Lib\site-packages\sqlalc
hemy\orm\persistence.py", line 1233, in 
_emit_insert_statements
    result = connection.execute(
        statement,
        params,
        execution_options=execution_options,
    )
  File "E:\talvex\.venv\Lib\site-packages\sqlalc
hemy\engine\base.py", line 1419, in execute
    return meth(
        self,
        distilled_parameters,
        execution_options or NO_OPTIONS,
    )
  File "E:\talvex\.venv\Lib\site-packages\sqlalc
hemy\sql\elements.py", line 527, in 
_execute_on_connection
    return connection._execute_clauseelement(
           ~~~~~~~~~~~~~~~~~~~~~~~~~~~~~~~~~^
        self, distilled_params, 
execution_options
        
^^^^^^^^^^^^^^^^^^^^^^^^^^^^^^^^^^^^^^^^^
    )
    ^
  File "E:\talvex\.venv\Lib\site-packages\sqlalc
hemy\engine\base.py", line 1641, in 
_execute_clauseelement
    ret = self._execute_context(
        dialect,
    ...<8 lines>...
        cache_hit=cache_hit,
    )
  File "E:\talvex\.venv\Lib\site-packages\sqlalc
hemy\engine\base.py", line 1846, in 
_execute_context
    return self._exec_single_context(
           ~~~~~~~~~~~~~~~~~~~~~~~~~^
        dialect, context, statement, parameters
        ^^^^^^^^^^^^^^^^^^^^^^^^^^^^^^^^^^^^^^^
    )
    ^
  File "E:\talvex\.venv\Lib\site-packages\sqlalc
hemy\engine\base.py", line 1986, in 
_exec_single_context
    self._handle_dbapi_exception(
    ~~~~~~~~~~~~~~~~~~~~~~~~~~~~^
        e, str_statement, effective_parameters, 
cursor, context
        ^^^^^^^^^^^^^^^^^^^^^^^^^^^^^^^^^^^^^^^^
^^^^^^^^^^^^^^^
    )
    ^
  File "E:\talvex\.venv\Lib\site-packages\sqlalc
hemy\engine\base.py", line 2363, in 
_handle_dbapi_exception
    raise sqlalchemy_exception.with_traceback(ex
c_info[2]) from e
  File "E:\talvex\.venv\Lib\site-packages\sqlalc
hemy\engine\base.py", line 1967, in 
_exec_single_context
    self.dialect.do_execute(
    ~~~~~~~~~~~~~~~~~~~~~~~^
        cursor, str_statement, 
effective_parameters, context
        ^^^^^^^^^^^^^^^^^^^^^^^^^^^^^^^^^^^^^^^^
^^^^^^^^^^^^
    )
    ^
  File "E:\talvex\.venv\Lib\site-packages\sqlalc
hemy\engine\default.py", line 952, in do_execute
    cursor.execute(statement, parameters)
    ~~~~~~~~~~~~~~^^^^^^^^^^^^^^^^^^^^^^^
sqlalchemy.exc.DataError: 
(psycopg2.errors.StringDataRightTruncation) 
value too long for type character varying(128)

[SQL: INSERT INTO "user" (username, 
password_hash, role, permissions, created_by) 
VALUES (%(username)s, %(password_hash)s, 
%(role)s, %(permissions)s, %(created_by)s) 
RETURNING "user".id]
[parameters: {'username': 'admin', 
'password_hash': 'scrypt:32768:8:1$R8JOuqFY9cnii
oVG$e9b4e2651f79a77d8ed52dbe013e75419ef03895af2c
ae4b61acba754e919a2005c382f73932a88f806dd00b147d
e1e3deef0459f16164388d2b28997ef8f0fc', 'role': 
'master', 'permissions': '', 'created_by': 
None}]
Seeding Categories...
(Background on this error at: 
https://sqlalche.me/e/20/9h9h)

================================================
======================
ERROR: test_3_customer_creation (__main__.Taivex
TestCase.test_3_customer_creation)
------------------------------------------------
----------------------
Traceback (most recent call last):
  File "E:\talvex\.venv\Lib\site-packages\sqlalc
hemy\engine\base.py", line 1967, in 
_exec_single_context
    self.dialect.do_execute(
    ~~~~~~~~~~~~~~~~~~~~~~~^
        cursor, str_statement, 
effective_parameters, context
        ^^^^^^^^^^^^^^^^^^^^^^^^^^^^^^^^^^^^^^^^
^^^^^^^^^^^^
    )
    ^
  File "E:\talvex\.venv\Lib\site-packages\sqlalc
hemy\engine\default.py", line 952, in do_execute
    cursor.execute(statement, parameters)
    ~~~~~~~~~~~~~~^^^^^^^^^^^^^^^^^^^^^^^
psycopg2.errors.StringDataRightTruncation: 
value too long for type character varying(128)


The above exception was the direct cause of the 
following exception:

Traceback (most recent call last):
  File "E:\talvex\test_app.py", line 13, in 
setUp
    self.app = create_app()
               ~~~~~~~~~~^^
  File "E:\talvex\app.py", line 50, in 
create_app
    db.session.commit()
    ~~~~~~~~~~~~~~~~~^^
  File "E:\talvex\.venv\Lib\site-packages\sqlalc
hemy\orm\scoping.py", line 597, in commit
    return self._proxied.commit()
           ~~~~~~~~~~~~~~~~~~~~^^
  File "E:\talvex\.venv\Lib\site-packages\sqlalc
hemy\orm\session.py", line 2030, in commit
    trans.commit(_to_root=True)
    ~~~~~~~~~~~~^^^^^^^^^^^^^^^
  File "<string>", line 2, in commit
  File "E:\talvex\.venv\Lib\site-packages\sqlalc
hemy\orm\state_changes.py", line 137, in _go
    ret_value = fn(self, *arg, **kw)
  File "E:\talvex\.venv\Lib\site-packages\sqlalc
hemy\orm\session.py", line 1311, in commit
    self._prepare_impl()
    ~~~~~~~~~~~~~~~~~~^^
  File "<string>", line 2, in _prepare_impl
  File "E:\talvex\.venv\Lib\site-packages\sqlalc
hemy\orm\state_changes.py", line 137, in _go
    ret_value = fn(self, *arg, **kw)
  File "E:\talvex\.venv\Lib\site-packages\sqlalc
hemy\orm\session.py", line 1286, in 
_prepare_impl
    self.session.flush()
    ~~~~~~~~~~~~~~~~~~^^
  File "E:\talvex\.venv\Lib\site-packages\sqlalc
hemy\orm\session.py", line 4331, in flush
    self._flush(objects)
    ~~~~~~~~~~~^^^^^^^^^
  File "E:\talvex\.venv\Lib\site-packages\sqlalc
hemy\orm\session.py", line 4466, in _flush
    with util.safe_reraise():
         ~~~~~~~~~~~~~~~~~^^
  File "E:\talvex\.venv\Lib\site-packages\sqlalc
hemy\util\langhelpers.py", line 224, in __exit__
    raise exc_value.with_traceback(exc_tb)
  File "E:\talvex\.venv\Lib\site-packages\sqlalc
hemy\orm\session.py", line 4427, in _flush
    flush_context.execute()
    ~~~~~~~~~~~~~~~~~~~~~^^
  File "E:\talvex\.venv\Lib\site-packages\sqlalc
hemy\orm\unitofwork.py", line 466, in execute
    rec.execute(self)
    ~~~~~~~~~~~^^^^^^
  File "E:\talvex\.venv\Lib\site-packages\sqlalc
hemy\orm\unitofwork.py", line 642, in execute
    util.preloaded.orm_persistence.save_obj(
    ~~~~~~~~~~~~~~~~~~~~~~~~~~~~~~~~~~~~~~~^
        self.mapper,
        ^^^^^^^^^^^^
        
uow.states_for_mapper_hierarchy(self.mapper, 
False, False),
        ^^^^^^^^^^^^^^^^^^^^^^^^^^^^^^^^^^^^^^^^
^^^^^^^^^^^^^^^^^^^
        uow,
        ^^^^
    )
    ^
  File "E:\talvex\.venv\Lib\site-packages\sqlalc
hemy\orm\persistence.py", line 93, in save_obj
    _emit_insert_statements(
    ~~~~~~~~~~~~~~~~~~~~~~~^
        base_mapper,
        ^^^^^^^^^^^^
    ...<3 lines>...
        insert,
        ^^^^^^^
    )
    ^
  File "E:\talvex\.venv\Lib\site-packages\sqlalc
hemy\orm\persistence.py", line 1233, in 
_emit_insert_statements
    result = connection.execute(
        statement,
        params,
        execution_options=execution_options,
    )
  File "E:\talvex\.venv\Lib\site-packages\sqlalc
hemy\engine\base.py", line 1419, in execute
    return meth(
        self,
        distilled_parameters,
        execution_options or NO_OPTIONS,
    )
  File "E:\talvex\.venv\Lib\site-packages\sqlalc
hemy\sql\elements.py", line 527, in 
_execute_on_connection
    return connection._execute_clauseelement(
           ~~~~~~~~~~~~~~~~~~~~~~~~~~~~~~~~~^
        self, distilled_params, 
execution_options
        
^^^^^^^^^^^^^^^^^^^^^^^^^^^^^^^^^^^^^^^^^
    )
    ^
  File "E:\talvex\.venv\Lib\site-packages\sqlalc
hemy\engine\base.py", line 1641, in 
_execute_clauseelement
    ret = self._execute_context(
        dialect,
    ...<8 lines>...
        cache_hit=cache_hit,
    )
  File "E:\talvex\.venv\Lib\site-packages\sqlalc
hemy\engine\base.py", line 1846, in 
_execute_context
    return self._exec_single_context(
           ~~~~~~~~~~~~~~~~~~~~~~~~~^
        dialect, context, statement, parameters
        ^^^^^^^^^^^^^^^^^^^^^^^^^^^^^^^^^^^^^^^
    )
    ^
  File "E:\talvex\.venv\Lib\site-packages\sqlalc
hemy\engine\base.py", line 1986, in 
_exec_single_context
    self._handle_dbapi_exception(
    ~~~~~~~~~~~~~~~~~~~~~~~~~~~~^
        e, str_statement, effective_parameters, 
cursor, context
        ^^^^^^^^^^^^^^^^^^^^^^^^^^^^^^^^^^^^^^^^
^^^^^^^^^^^^^^^
    )
    ^
  File "E:\talvex\.venv\Lib\site-packages\sqlalc
hemy\engine\base.py", line 2363, in 
_handle_dbapi_exception
    raise sqlalchemy_exception.with_traceback(ex
c_info[2]) from e
  File "E:\talvex\.venv\Lib\site-packages\sqlalc
hemy\engine\base.py", line 1967, in 
_exec_single_context
    self.dialect.do_execute(
    ~~~~~~~~~~~~~~~~~~~~~~~^
        cursor, str_statement, 
effective_parameters, context
        ^^^^^^^^^^^^^^^^^^^^^^^^^^^^^^^^^^^^^^^^
^^^^^^^^^^^^
    )
    ^
  File "E:\talvex\.venv\Lib\site-packages\sqlalc
hemy\engine\default.py", line 952, in do_execute
    cursor.execute(statement, parameters)
    ~~~~~~~~~~~~~~^^^^^^^^^^^^^^^^^^^^^^^
sqlalchemy.exc.DataError: 
(psycopg2.errors.StringDataRightTruncation) 
value too long for type character varying(128)

[SQL: INSERT INTO "user" (username, 
password_hash, role, permissions, created_by) 
VALUES (%(username)s, %(password_hash)s, 
%(role)s, %(permissions)s, %(created_by)s) 
RETURNING "user".id]
[parameters: {'username': 'admin', 
'password_hash': 'scrypt:32768:8:1$cmF6zI9Yfci4m
I8a$43e867d497da167a50ca47de924291755eaec18937a1
7bdb493134e2003ad03d38c5c6a6d473a0928e2dccc808d0
3bf71b75c3ad9bdec59e4b0dba5f92f70074', 'role': 
'master', 'permissions': '', 'created_by': 
None}]
(Background on this error at: 
https://sqlalche.me/e/20/9h9h)

------------------------------------------------
----------------------
Ran 3 tests in 0.634s

FAILED (errors=3)
